[00:00:04] ????놁쓬
[00:10:04] ????놁쓬
[00:20:04] ????놁쓬
[00:30:04] ????놁쓬
[00:40:04] ????놁쓬
[00:50:04] ????놁쓬
[01:00:05] ????놁쓬
[01:10:04] ????놁쓬
[01:20:04] ????놁쓬
[01:30:04] ????놁쓬
[01:40:04] ????놁쓬
[01:50:04] ????놁쓬
[02:00:04] ????놁쓬
[02:10:04] ????놁쓬
[02:20:04] ????놁쓬
[02:30:04] ????놁쓬
[02:40:05] ????놁쓬
[02:50:04] ????놁쓬
[03:00:04] ????놁쓬
[03:10:04] ????놁쓬
[03:20:04] ????놁쓬
[03:30:04] ????놁쓬
[03:40:07] ????놁쓬
[03:50:04] ????놁쓬
[04:00:04] ????놁쓬
[04:10:04] ????놁쓬
[04:20:04] ????놁쓬
[04:30:04] ??? 쨌 picktopic  ?щ’ 04:30  ?쏀넗??
https://github.com/Soujiro-a/trend-blog/actions/runs/35532496678
[04:30:08] dispatch ?붿껌 (exit=0)
[04:40:05] ??? 쨌 issuecatch1  ?щ’ 04:40  ?댁뒋罹먯튂
https://github.com/Soujiro-a/trend-blog/actions/runs/35533053640
[04:40:08] dispatch ?붿껌 (exit=0)
[04:50:04] ??? 쨌 issuecatch1  ?щ’ 04:40  ?댁뒋罹먯튂 | 쨌 fastopic1  ?щ’ 04:50  諛쒕튌瑜명넗??
https://github.com/Soujiro-a/trend-blog/actions/runs/35533591909
[04:50:08] dispatch ?붿껌 (exit=0)
[05:00:05] ??? 쨌 fastopic1  ?щ’ 04:50  諛쒕튌瑜명넗?? | 쨌 nowissue1  ?щ’ 05:00  吏湲덉씠??
https://github.com/Soujiro-a/trend-blog/actions/runs/35534102857
[05:00:08] dispatch ?붿껌 (exit=0)
[05:10:05] ??? 쨌 issuecatch1  ?щ’ 04:40  ?댁뒋罹먯튂 | 쨌 nowissue1  ?щ’ 05:00  吏湲덉씠?? | 쨌 issuepick1  ?щ’ 05:10  ?댁뒋??
https://github.com/Soujiro-a/trend-blog/actions/runs/35534663927
[05:10:08] dispatch ?붿껌 (exit=0)
[05:20:04] ??? 쨌 issuecatch1  ?щ’ 04:40  ?댁뒋罹먯튂 | 쨌 nowissue1  ?щ’ 05:00  吏湲덉씠?? | 쨌 issuepick1  ?щ’ 05:10  ?댁뒋??
https://github.com/Soujiro-a/trend-blog/actions/runs/35535208048
[05:20:08] dispatch ?붿껌 (exit=0)
[05:30:05] ??? 쨌 issuecatch1  ?щ’ 04:40  ?댁뒋罹먯튂 | 쨌 nowissue1  ?щ’ 05:00  吏湲덉씠?? | 쨌 issuepick1  ?щ’ 05:10  ?댁뒋??
https://github.com/Soujiro-a/trend-blog/actions/runs/35535742845
[05:30:08] dispatch ?붿껌 (exit=0)
[05:40:05] ??? 쨌 fastopic1  ?щ’ 04:50  諛쒕튌瑜명넗?? | 쨌 nowissue1  ?щ’ 05:00  吏湲덉씠??
https://github.com/Soujiro-a/trend-blog/actions/runs/35536279937
[05:40:09] dispatch ?붿껌 (exit=0)
[05:50:05] ????놁쓬
[06:00:05] ????놁쓬
[06:10:04] ????놁쓬
[06:20:04] ????놁쓬
[06:30:05] ????놁쓬
